akvaarium/pl: maybe better: akvaariumite, akvaariumeid, akvaariumitesse, ...
